2026-05-17 05:55:09,310 | INFO | Loading dataset: /mnt/d/KLTN/TS_MAMBA/dataset/air_quality.csv
2026-05-17 05:55:09,348 | INFO | Total rows: 8760
2026-05-17 05:55:09,464 | INFO | Features (11): ['pm25', 'pm10', 'no2', 'o3', 'so2', 'co', 'aod', 'dust', 'uv_index', 'co2', 'aqi']
2026-05-17 05:55:09,464 | INFO | Samples: 2161 | Locations: 1 | Sample stride: 4
2026-05-17 05:55:09,491 | INFO | Split — train: 1512 | val: 216 | test: 433
2026-05-17 05:55:10,052 | INFO | Device: cuda | AMP: True | grad_accum: 1
2026-05-17 05:55:10,053 | INFO | GPU: NVIDIA GeForce RTX 3050 Laptop GPU
2026-05-17 05:55:22,146 | INFO | Epoch 1/30 | step 12/12 | batch_loss=0.725274 | running_avg=0.446981
2026-05-17 05:55:22,496 | INFO | Epoch 01/30 | train=0.368937 | val_loss=0.589088 | mae=1.0284 | rmse=1.1411 | r2=-1.5944 | 12.1s
2026-05-17 05:55:22,587 | INFO | → Checkpoint mới: /mnt/d/KLTN/TS_MAMBA/outputs/best_mamba_aqi.pt
2026-05-17 05:55:31,321 | INFO | Epoch 2/30 | step 12/12 | batch_loss=0.512174 | running_avg=0.299172
2026-05-17 05:55:31,439 | INFO | Epoch 02/30 | train=0.246935 | val_loss=0.378885 | mae=0.7861 | rmse=0.8959 | r2=-0.5992 | 8.7s
2026-05-17 05:55:31,469 | INFO | → Checkpoint mới: /mnt/d/KLTN/TS_MAMBA/outputs/best_mamba_aqi.pt
2026-05-17 05:55:40,279 | INFO | Epoch 3/30 | step 12/12 | batch_loss=0.361533 | running_avg=0.220228
2026-05-17 05:55:40,386 | INFO | Epoch 03/30 | train=0.181775 | val_loss=0.253801 | mae=0.6200 | rmse=0.7230 | r2=-0.0415 | 8.8s
2026-05-17 05:55:40,416 | INFO | → Checkpoint mới: /mnt/d/KLTN/TS_MAMBA/outputs/best_mamba_aqi.pt
2026-05-17 05:55:49,166 | INFO | Epoch 4/30 | step 12/12 | batch_loss=0.209174 | running_avg=0.172199
2026-05-17 05:55:49,268 | INFO | Epoch 04/30 | train=0.142132 | val_loss=0.159484 | mae=0.4633 | rmse=0.5734 | r2=0.3449 | 8.8s
2026-05-17 05:55:49,291 | INFO | → Checkpoint mới: /mnt/d/KLTN/TS_MAMBA/outputs/best_mamba_aqi.pt
2026-05-17 05:55:58,112 | INFO | Epoch 5/30 | step 12/12 | batch_loss=0.111295 | running_avg=0.141846
2026-05-17 05:55:58,206 | INFO | Epoch 05/30 | train=0.117079 | val_loss=0.093800 | mae=0.3228 | rmse=0.4449 | r2=0.6056 | 8.8s
2026-05-17 05:55:58,230 | INFO | → Checkpoint mới: /mnt/d/KLTN/TS_MAMBA/outputs/best_mamba_aqi.pt
2026-05-17 05:56:06,976 | INFO | Epoch 6/30 | step 12/12 | batch_loss=0.106479 | running_avg=0.134991
2026-05-17 05:56:07,075 | INFO | Epoch 06/30 | train=0.111421 | val_loss=0.101133 | mae=0.3415 | rmse=0.4618 | r2=0.5751 | 8.7s
2026-05-17 05:56:15,864 | INFO | Epoch 7/30 | step 12/12 | batch_loss=0.074019 | running_avg=0.131179
2026-05-17 05:56:16,000 | INFO | Epoch 07/30 | train=0.108275 | val_loss=0.093645 | mae=0.3185 | rmse=0.4463 | r2=0.6031 | 8.8s
2026-05-17 05:56:16,029 | INFO | → Checkpoint mới: /mnt/d/KLTN/TS_MAMBA/outputs/best_mamba_aqi.pt
2026-05-17 05:56:24,794 | INFO | Epoch 8/30 | step 12/12 | batch_loss=0.073610 | running_avg=0.131515
2026-05-17 05:56:24,895 | INFO | Epoch 08/30 | train=0.108552 | val_loss=0.079260 | mae=0.2802 | rmse=0.4129 | r2=0.6602 | 8.8s
2026-05-17 05:56:24,917 | INFO | → Checkpoint mới: /mnt/d/KLTN/TS_MAMBA/outputs/best_mamba_aqi.pt
2026-05-17 05:56:33,729 | INFO | Epoch 9/30 | step 12/12 | batch_loss=0.108034 | running_avg=0.136217
2026-05-17 05:56:33,828 | INFO | Epoch 09/30 | train=0.112433 | val_loss=0.109111 | mae=0.3403 | rmse=0.4820 | r2=0.5370 | 8.8s
2026-05-17 05:56:42,522 | INFO | Epoch 10/30 | step 12/12 | batch_loss=0.067538 | running_avg=0.150653
2026-05-17 05:56:42,632 | INFO | Epoch 10/30 | train=0.124348 | val_loss=0.089642 | mae=0.3059 | rmse=0.4379 | r2=0.6180 | 8.7s
2026-05-17 05:56:51,392 | INFO | Epoch 11/30 | step 12/12 | batch_loss=0.068019 | running_avg=0.137300
2026-05-17 05:56:51,520 | INFO | Epoch 11/30 | train=0.113327 | val_loss=0.089431 | mae=0.3031 | rmse=0.4382 | r2=0.6174 | 8.8s
2026-05-17 05:57:00,389 | INFO | Epoch 12/30 | step 12/12 | batch_loss=0.058158 | running_avg=0.122355
2026-05-17 05:57:00,511 | INFO | Epoch 12/30 | train=0.100992 | val_loss=0.077560 | mae=0.2769 | rmse=0.4099 | r2=0.6652 | 8.9s
2026-05-17 05:57:00,531 | INFO | → Checkpoint mới: /mnt/d/KLTN/TS_MAMBA/outputs/best_mamba_aqi.pt
2026-05-17 05:57:09,364 | INFO | Epoch 13/30 | step 12/12 | batch_loss=0.061119 | running_avg=0.117527
2026-05-17 05:57:09,444 | INFO | Epoch 13/30 | train=0.097007 | val_loss=0.080150 | mae=0.2829 | rmse=0.4153 | r2=0.6563 | 8.8s
2026-05-17 05:57:18,280 | INFO | Epoch 14/30 | step 12/12 | batch_loss=0.054969 | running_avg=0.116098
2026-05-17 05:57:18,383 | INFO | Epoch 14/30 | train=0.095827 | val_loss=0.086869 | mae=0.3021 | rmse=0.4299 | r2=0.6318 | 8.8s
2026-05-17 05:57:27,178 | INFO | Epoch 15/30 | step 12/12 | batch_loss=0.052029 | running_avg=0.113414
2026-05-17 05:57:27,306 | INFO | Epoch 15/30 | train=0.093611 | val_loss=0.078675 | mae=0.2798 | rmse=0.4111 | r2=0.6632 | 8.8s
2026-05-17 05:57:36,113 | INFO | Epoch 16/30 | step 12/12 | batch_loss=0.056388 | running_avg=0.108802
2026-05-17 05:57:36,229 | INFO | Epoch 16/30 | train=0.089805 | val_loss=0.075217 | mae=0.2707 | rmse=0.4035 | r2=0.6756 | 8.8s
2026-05-17 05:57:36,255 | INFO | → Checkpoint mới: /mnt/d/KLTN/TS_MAMBA/outputs/best_mamba_aqi.pt
2026-05-17 05:57:45,136 | INFO | Epoch 17/30 | step 12/12 | batch_loss=0.056645 | running_avg=0.111848
2026-05-17 05:57:45,221 | INFO | Epoch 17/30 | train=0.092319 | val_loss=0.074523 | mae=0.2673 | rmse=0.4012 | r2=0.6792 | 8.9s
2026-05-17 05:57:45,242 | INFO | → Checkpoint mới: /mnt/d/KLTN/TS_MAMBA/outputs/best_mamba_aqi.pt
2026-05-17 05:57:54,026 | INFO | Epoch 18/30 | step 12/12 | batch_loss=0.064851 | running_avg=0.116738
2026-05-17 05:57:54,135 | INFO | Epoch 18/30 | train=0.096355 | val_loss=0.078867 | mae=0.2894 | rmse=0.4088 | r2=0.6670 | 8.8s
2026-05-17 05:58:02,953 | INFO | Epoch 19/30 | step 12/12 | batch_loss=0.053583 | running_avg=0.113624
2026-05-17 05:58:03,065 | INFO | Epoch 19/30 | train=0.093785 | val_loss=0.097804 | mae=0.3342 | rmse=0.4546 | r2=0.5882 | 8.8s
2026-05-17 05:58:11,944 | INFO | Epoch 20/30 | step 12/12 | batch_loss=0.055772 | running_avg=0.119326
2026-05-17 05:58:12,067 | INFO | Epoch 20/30 | train=0.098491 | val_loss=0.072476 | mae=0.2669 | rmse=0.3973 | r2=0.6854 | 8.9s
2026-05-17 05:58:12,108 | INFO | → Checkpoint mới: /mnt/d/KLTN/TS_MAMBA/outputs/best_mamba_aqi.pt
2026-05-17 05:58:20,959 | INFO | Epoch 21/30 | step 12/12 | batch_loss=0.087103 | running_avg=0.115579
2026-05-17 05:58:21,054 | INFO | Epoch 21/30 | train=0.095398 | val_loss=0.077568 | mae=0.2931 | rmse=0.4045 | r2=0.6739 | 8.9s
2026-05-17 05:58:29,825 | INFO | Epoch 22/30 | step 12/12 | batch_loss=0.051463 | running_avg=0.111362
2026-05-17 05:58:29,924 | INFO | Epoch 22/30 | train=0.091918 | val_loss=0.100043 | mae=0.3344 | rmse=0.4599 | r2=0.5785 | 8.8s
2026-05-17 05:58:38,731 | INFO | Epoch 23/30 | step 12/12 | batch_loss=0.056458 | running_avg=0.111902
2026-05-17 05:58:38,846 | INFO | Epoch 23/30 | train=0.092364 | val_loss=0.071801 | mae=0.2664 | rmse=0.3955 | r2=0.6883 | 8.8s
2026-05-17 05:58:38,872 | INFO | → Checkpoint mới: /mnt/d/KLTN/TS_MAMBA/outputs/best_mamba_aqi.pt
2026-05-17 05:58:47,666 | INFO | Epoch 24/30 | step 12/12 | batch_loss=0.078213 | running_avg=0.110451
2026-05-17 05:58:47,751 | INFO | Epoch 24/30 | train=0.091166 | val_loss=0.079901 | mae=0.2950 | rmse=0.4113 | r2=0.6629 | 8.8s
2026-05-17 05:58:56,627 | INFO | Epoch 25/30 | step 12/12 | batch_loss=0.053872 | running_avg=0.116556
2026-05-17 05:58:56,809 | INFO | Epoch 25/30 | train=0.096205 | val_loss=0.081351 | mae=0.2934 | rmse=0.4150 | r2=0.6568 | 8.9s
2026-05-17 05:59:05,762 | INFO | Epoch 26/30 | step 12/12 | batch_loss=0.048243 | running_avg=0.114596
2026-05-17 05:59:05,965 | INFO | Epoch 26/30 | train=0.094587 | val_loss=0.074201 | mae=0.2727 | rmse=0.4001 | r2=0.6811 | 9.0s
2026-05-17 05:59:15,091 | INFO | Epoch 27/30 | step 12/12 | batch_loss=0.048800 | running_avg=0.102603
2026-05-17 05:59:15,181 | INFO | Epoch 27/30 | train=0.084688 | val_loss=0.082610 | mae=0.2837 | rmse=0.4218 | r2=0.6454 | 9.1s
2026-05-17 05:59:24,022 | INFO | Epoch 28/30 | step 12/12 | batch_loss=0.049281 | running_avg=0.102038
2026-05-17 05:59:24,119 | INFO | Epoch 28/30 | train=0.084222 | val_loss=0.073709 | mae=0.2673 | rmse=0.4002 | r2=0.6809 | 8.8s
2026-05-17 05:59:24,123 | INFO | Early stopping at epoch 28/30 | best_val_loss=0.071801
2026-05-17 05:59:24,647 | INFO | TEST | loss=0.136425 | mae=6.0988 | rmse=8.6480 | r2=0.7318 | mae_norm=0.3867 | rmse_norm=0.5483
2026-05-17 05:59:24,648 | INFO | Best model: /mnt/d/KLTN/TS_MAMBA/outputs/best_mamba_aqi.pt
2026-05-17 05:59:24,648 | INFO | History   : /mnt/d/KLTN/TS_MAMBA/outputs/metrics_history.csv
